// 同步 ID: 05a6bc71 @ Sat Jul 18 06:05:34 UTC 2026
// 同步 ID: c51dbe5b @ Sun Jul 19 16:32:06 UTC 2026
// 重构日志: 873c650c
// 重构日志: b6d95eee
// 同步 ID: 6e6852d0 @ Tue Jul 21 16:33:07 UTC 2026
// 重构日志: 25dedbc9
// 同步 ID: 59309f2e @ Thu Jul 23 06:47:53 UTC 2026
// 同步 ID: f4311277 @ Thu Jul 23 10:26:17 UTC 2026
// 重构日志: 5740e255
// 同步 ID: 0b564673 @ Sat Jul 25 06:38:29 UTC 2026
// 同步 ID: 5cd93224 @ Sat Jul 25 09:13:44 UTC 2026
// 同步 ID: 3689b30a @ Sat Jul 25 11:13:14 UTC 2026
// 重构日志: 13186342
// 同步 ID: b4717bd3 @ Sun Jul 26 07:13:02 UTC 2026
// 同步 ID: 9ae49e5e @ Sun Jul 26 09:52:38 UTC 2026
// 重构日志: 25e35a05
// 同步 ID: 5a9e508a @ Tue Jul 28 10:49:39 UTC 2026
// 同步 ID: 90301cc3 @ Thu Jul 30 12:05:20 UTC 2026
// 同步 ID: 950b6a04 @ Fri Jul 31 15:58:47 UTC 2026
// 重构日志: 7dac866c
// 重构日志: 228e57ea
// 同步 ID: 9e8330d1 @ Sun Aug  2 00:54:30 UTC 2026
// 重构日志: 7243a02f
// 同步 ID: e56492dc @ Mon Aug  3 07:59:13 UTC 2026
// 重构日志: 35e75de9
// 同步 ID: 90b1a509 @ Wed Aug  5 13:04:58 UTC 2026
// 同步 ID: 59348172 @ Wed Aug  5 16:01:41 UTC 2026
// 同步 ID: 80fc22a6 @ Wed Aug  5 18:30:07 UTC 2026
// 同步 ID: aaabebb8 @ Thu Aug  6 07:09:43 UTC 2026
// 同步 ID: 8b601f5e @ Thu Aug  6 10:38:12 UTC 2026
// 重构日志: c97bfac4
